// Jest Snapshot v1, https://goo.gl/fbAQLP

exports[`Molecule Parser Tests extractMoleculeInput extracts correct atom number and electrons from real test file 1`] = `
{
  "totalAtomNumber": 31,
  "totalElectrons": 62,
}
`;

exports[`extractSimulationResults extracts simulation results from real test file 1`] = `
{
  "minimizedEnergy": -840.694818961,
  "optimizedGeometry": "C         -11.955388       4.422024      -0.357850
C          -9.634206       2.630167       0.650537
C         -10.432765       2.739222       1.903391
C          -8.632891       3.685179       0.324675
C         -10.183896       1.744947      -0.412873
C         -11.679289       2.007138      -0.636453
H         -10.080590       0.686362      -0.130086
H          -9.654582       1.886622      -1.361639
C         -12.440840       1.888394       0.662417
C         -12.256556       1.113879      -1.727453
O         -11.836709       3.339530      -1.153021
O         -12.084589       4.237773       0.966049
C         -11.917430       2.953729       1.597211
H         -12.301251       0.889035       1.077761
H         -13.511066       2.040776       0.477665
H         -10.064242       3.566338       2.515032
H         -10.371613       1.830352       2.517116
C         -12.738068       3.051390       2.878696
H         -11.738892       1.324509      -2.671323
H         -13.311567       1.364161      -1.866447
O         -12.189809      -0.247624      -1.372352
H          -8.004295       3.354924      -0.516930
O          -7.848349       4.063972       1.436633
H          -9.123531       4.614098      -0.002815
H         -13.764521       3.341786       2.620081
H         -12.319127       3.834965       3.513950
O         -12.694299       1.852538       3.615400
H         -13.324566       1.235709       3.237484
H          -7.430399       3.268635       1.777838
H         -11.345260      -0.600844      -1.656667
O         -11.976763       5.514844      -0.828488",
  "totalTime": 3967.181602,
}
`;
